[backblue.gif]
[fade.gif]
[index.html]
[fireplaytv.com/wp-content/themes/hello-elementor/assets/css/resetedb1.css]
[fireplaytv.com/wp-content/themes/hello-elementor/assets/css/themeedb1.css]
[fireplaytv.com/comments/feed/index.html]
[fireplaytv.com/wp-content/themes/hello-elementor/assets/css/header-footeredb1.css]
[fireplaytv.com/feed/index.html]
[fireplaytv.com/wp-content/plugins/elementor/assets/css/frontend.min8ca5.css]
[fireplaytv.com/wp-content/uploads/elementor/css/post-52456.css]
[fireplaytv.com/wp-content/plugins/elementor/assets/css/widget-heading.min8ca5.css]
[fireplaytv.com/wp-content/plugins/elementor/assets/css/widget-icon-list.min8ca5.css]
[fireplaytv.com/wp-content/plugins/elementor/assets/css/widget-spacer.min8ca5.css]
[fireplaytv.com/wp-content/plugins/elementor/assets/lib/swiper/v8/css/swiper.min94a4.css]
[fireplaytv.com/wp-content/plugins/elementor/assets/css/conditionals/e-swiper.min8ca5.css]
[fireplaytv.com/wp-content/plugins/elementor/assets/css/widget-image-carousel.min8ca5.css]
[fireplaytv.com/wp-content/plugins/elementor/assets/css/widget-icon-box.min8ca5.css]
[fireplaytv.com/wp-content/plugins/elementor/assets/css/widget-nested-accordion.min8ca5.css]
[fireplaytv.com/wp-content/uploads/elementor/css/post-9cf85.css]
[fireplaytv.com/wp-content/uploads/elementor/google-fonts/css/roboto2e0f.css]
[fireplaytv.com/wp-content/uploads/elementor/google-fonts/css/robotoslab6cd1.css]
[fireplaytv.com/wp-content/uploads/elementor/google-fonts/css/instrumentsans150e.css]
[fireplaytv.com/wp-includes/js/jquery/jquery.minf43b.js]
[fireplaytv.com/wp-includes/js/jquery/jquery-migrate.min5589.js]
[fireplaytv.com/wp-json/index.html]
[fireplaytv.com/wp-json/wp/v2/pages/9.json]
[fireplaytv.com/xmlrpc0db0.php]
[fireplaytv.com/wp-json/oembed/1.0/embed547f.json]
[fireplaytv.com/wp-json/oembed/1.0/embed0ab3]
[track.fireplaytv.com/382mffllwjso.1ad41d.delayed]
[fireplaytv.com/wp-content/uploads/2025/06/cropped-FAVICON-32x32.png]
[fireplaytv.com/wp-content/uploads/2025/06/cropped-FAVICON-192x192.png]
[fireplaytv.com/wp-content/uploads/2025/06/cropped-FAVICON-180x180.png]
[fireplaytv.com/wp-content/uploads/2025/06/LOGO.webp]
[fireplaytv.com/wp-content/uploads/2025/06/APPLE-TV.webp]
[fireplaytv.com/wp-content/uploads/2025/06/CLARO-TV.webp]
[fireplaytv.com/wp-content/uploads/2025/06/COMBATE.webp]
[fireplaytv.com/wp-content/uploads/2025/06/CRUNCHROLL.webp]
[fireplaytv.com/wp-content/uploads/2025/06/DISNEY.webp]
[fireplaytv.com/wp-content/uploads/2025/06/GLOBOPLAY.webp]
[fireplaytv.com/wp-content/uploads/2025/06/MAX.webp]
[fireplaytv.com/wp-content/uploads/2025/06/NETFLIX.webp]
[fireplaytv.com/wp-content/uploads/2025/06/PREMIERE.webp]
[fireplaytv.com/wp-content/uploads/2025/06/PRIME-VIDEO.webp]
[fireplaytv.com/wp-content/uploads/2025/06/SKY.webp]
[fireplaytv.com/wp-content/uploads/2025/06/TELECINE.webp]
[scripts.converteai.net/48a12100-5927-4c5c-8250-b60ceb8ad3b5/players/6893aa1389c09669a33bb299/v4/player.js]
[fireplaytv.com/wp-content/uploads/2025/06/PROVAS.webp]
[fireplaytv.com/wp-content/uploads/2025/06/Filme-01.webp]
[fireplaytv.com/wp-content/uploads/2025/06/image5.webp]
[fireplaytv.com/wp-content/uploads/2025/06/FILME-1.webp]
[fireplaytv.com/wp-content/uploads/2025/06/Filme-17.webp]
[fireplaytv.com/wp-content/uploads/2025/06/FILME-2.webp]
[fireplaytv.com/wp-content/uploads/2025/06/Filme-18.webp]
[fireplaytv.com/wp-content/uploads/2025/06/FILME-3.webp]
[fireplaytv.com/wp-content/uploads/2025/06/Filme-15.webp]
[fireplaytv.com/wp-content/uploads/2025/06/Filme-13.webp]
[fireplaytv.com/wp-content/uploads/2025/06/Filme-14.webp]
[fireplaytv.com/wp-content/uploads/2025/06/Filme-07.webp]
[fireplaytv.com/wp-content/uploads/2025/06/Filme-16.webp]
[fireplaytv.com/wp-content/uploads/2025/06/Filme-05.webp]
[fireplaytv.com/wp-content/uploads/2025/06/Filme-04.webp]
[fireplaytv.com/wp-content/uploads/2025/06/Filme-03.webp]
[fireplaytv.com/wp-content/uploads/2025/06/Filme-06.webp]
[fireplaytv.com/wp-content/uploads/2025/06/Filme-02.webp]
[fireplaytv.com/wp-content/uploads/2025/06/Filme-10.webp]
[fireplaytv.com/wp-content/uploads/2025/06/FILME-4.webp]
[fireplaytv.com/wp-content/uploads/2025/06/image3.webp]
[fireplaytv.com/wp-content/uploads/2025/06/Serie-02.webp]
[fireplaytv.com/wp-content/uploads/2025/06/Serie-03.webp]
[fireplaytv.com/wp-content/uploads/2025/06/FILME-5.webp]
[fireplaytv.com/wp-content/uploads/2025/06/Serie-08.webp]
[fireplaytv.com/wp-content/uploads/2025/06/Serie-10.webp]
[fireplaytv.com/wp-content/uploads/2025/06/Serie-11.webp]
[fireplaytv.com/wp-content/uploads/2025/06/FILME-6.webp]
[fireplaytv.com/wp-content/uploads/2025/06/Serie-12.webp]
[fireplaytv.com/wp-content/uploads/2025/06/Serie-13.webp]
[fireplaytv.com/wp-content/uploads/2025/06/Serie-09.webp]
[fireplaytv.com/wp-content/uploads/2025/06/Serie-14.webp]
[fireplaytv.com/wp-content/uploads/2025/06/image-2127.webp]
[fireplaytv.com/wp-content/uploads/2025/06/FORMA-DE-PAGAMENTO.webp]
[fireplaytv.com/wp-content/uploads/2025/06/SELO-SITE-SEGURO.webp]
[fireplaytv.com/wp-content/uploads/2025/06/LOGO-BRANCA.svg]
[connect.facebook.net/en_US/fbevents.js]
[fireplaytv.com/wp-content/themes/hello-elementor/assets/js/hello-frontendedb1.js]
[fireplaytv.com/wp-content/plugins/wp-statistics/assets/js/tracker00d3.js]
[fireplaytv.com/wp-content/plugins/elementor/assets/js/webpack.runtime.min8ca5.js]
[fireplaytv.com/wp-content/plugins/elementor/assets/js/frontend-modules.min8ca5.js]
[fireplaytv.com/index.html]
[fireplaytv.com/wp-content/themes/hello-elementor/assets/css/resetedb1.css]
[fireplaytv.com/wp-content/themes/hello-elementor/assets/css/themeedb1.css]
[fireplaytv.com/wp-content/themes/hello-elementor/assets/css/header-footeredb1.css]
[fireplaytv.com/wp-content/plugins/elementor/assets/css/frontend.min8ca5.css]
[fireplaytv.com/wp-content/uploads/elementor/css/post-52456.css]
[fireplaytv.com/wp-content/plugins/elementor/assets/css/widget-image.min8ca5.css]
[fireplaytv.com/wp-content/plugins/pro-elements/assets/css/modules/sticky.min0d09.css]
[fireplaytv.com/wp-content/plugins/elementor/assets/css/widget-heading.min8ca5.css]
[fireplaytv.com/wp-content/plugins/elementor/assets/css/widget-icon-list.min8ca5.css]
[fireplaytv.com/wp-content/plugins/elementor/assets/css/widget-spacer.min8ca5.css]
[fireplaytv.com/wp-content/plugins/elementor/assets/lib/swiper/v8/css/swiper.min94a4.css]
[fireplaytv.com/wp-content/plugins/elementor/assets/css/conditionals/e-swiper.min8ca5.css]
[fireplaytv.com/wp-content/plugins/elementor/assets/css/widget-image-carousel.min8ca5.css]
[fireplaytv.com/wp-content/plugins/elementor/assets/css/widget-icon-box.min8ca5.css]
[fireplaytv.com/wp-content/plugins/elementor/assets/lib/animations/styles/fadeInUp.min8ca5.css]
[fireplaytv.com/wp-content/plugins/elementor/assets/css/widget-nested-accordion.min8ca5.css]
[fireplaytv.com/wp-content/uploads/elementor/css/post-9cf85.css]
[fireplaytv.com/wp-content/uploads/elementor/google-fonts/fonts/roboto-kfo7cnqeu92fr1me7ksn66agldtyluama3yuba.woff2]
[fireplaytv.com/wp-content/uploads/elementor/google-fonts/css/roboto2e0f.css]
[fireplaytv.com/wp-content/uploads/elementor/google-fonts/css/robotoslab6cd1.css]
[fireplaytv.com/wp-content/uploads/elementor/google-fonts/css/instrumentsans150e.css]
[fireplaytv.com/wp-includes/js/jquery/jquery.minf43b.js]
[fireplaytv.com/wp-includes/js/jquery/jquery-migrate.min5589.js]
[track.fireplaytv.com/382mffllwjsod41d.html]
[fireplaytv.com/wp-content/uploads/2025/06/LOGO-BRANCA.svg]
[connect.facebook.net/en_US/fbevents.js]
[fireplaytv.com/wp-content/themes/hello-elementor/assets/js/hello-frontendedb1.js]
[fireplaytv.com/wp-content/plugins/wp-statistics/assets/js/tracker00d3.js]
[fireplaytv.com/wp-content/plugins/elementor/assets/js/webpack.runtime.min8ca5.js]
[fireplaytv.com/wp-content/plugins/elementor/assets/js/frontend-modules.min8ca5.js]
[fireplaytv.com/wp-includes/js/jquery/ui/core.minb37e.html]
[fireplaytv.com/wp-content/plugins/elementor/assets/js/frontend.min8ca5.html]
[fireplaytv.com/wp-content/plugins/pro-elements/assets/lib/sticky/jquery.sticky.min0d09.html]
[fireplaytv.com/wp-content/plugins/elementor/assets/lib/swiper/v8/swiper.min94a4.html]
[fireplaytv.com/wp-content/plugins/pro-elements/assets/js/webpack-pro.runtime.min0d09.html]
[fireplaytv.com/wp-includes/js/dist/hooks.min4fdd.html]
[fireplaytv.com/wp-includes/js/dist/i18n.minc33c.html]
[fireplaytv.com/wp-content/plugins/pro-elements/assets/js/frontend.min0d09.html]
[fireplaytv.com/wp-content/plugins/pro-elements/assets/js/elements-handlers.min0d09.html]
[fireplaytv.com/wp-content/uploads/2025/06/BG1.html]
[fireplaytv.com/wp-content/uploads/2025/06/BG-LOGOS-1.html]
[fireplaytv.com/wp-content/uploads/2025/06/BG-VIDEO.html]
[fireplaytv.com/wp-content/uploads/2025/06/BG-ADULTO-1.html]
[fireplaytv.com/wp-content/uploads/2025/06/BG-FILMES.html]
[fireplaytv.com/wp-content/uploads/2025/06/BG-FUTEBOL-1.html]
[fireplaytv.com/wp-content/uploads/2025/06/BG-BOX2.html]
[fireplaytv.com/wp-content/uploads/2025/06/BG1M.html]
[fireplaytv.com/wp-content/uploads/2025/06/BGM-ADULTO.html]
[fireplaytv.com/wp-content/uploads/2025/06/BGM-FILMES.html]
[fireplaytv.com/wp-content/uploads/2025/06/BGm-FUTEBOL.html]
[fireplaytv.com/wp-content/uploads/elementor/google-fonts/fonts/roboto-kfo5cnqeu92fr1mu53zec9_vu3r1gihoszmkc3kawzu.html]
[fireplaytv.com/wp-content/uploads/elementor/google-fonts/fonts/roboto-kfo5cnqeu92fr1mu53zec9_vu3r1gihoszmkankawzu.html]
[fireplaytv.com/wp-content/uploads/elementor/google-fonts/fonts/roboto-kfo5cnqeu92fr1mu53zec9_vu3r1gihoszmkcnkawzu.html]
[fireplaytv.com/wp-content/uploads/elementor/google-fonts/fonts/roboto-kfo5cnqeu92fr1mu53zec9_vu3r1gihoszmkbxkawzu.html]
[fireplaytv.com/wp-content/uploads/elementor/google-fonts/fonts/roboto-kfo5cnqeu92fr1mu53zec9_vu3r1gihoszmkenkawzu.html]
[fireplaytv.com/wp-content/uploads/elementor/google-fonts/fonts/roboto-kfo5cnqeu92fr1mu53zec9_vu3r1gihoszmkahkawzu.html]
[fireplaytv.com/wp-content/uploads/elementor/google-fonts/fonts/roboto-kfo5cnqeu92fr1mu53zec9_vu3r1gihoszmkcxkawzu.html]
[fireplaytv.com/wp-content/uploads/elementor/google-fonts/fonts/roboto-kfo5cnqeu92fr1mu53zec9_vu3r1gihoszmkchkawzu.html]
[fireplaytv.com/wp-content/uploads/elementor/google-fonts/fonts/roboto-kfo5cnqeu92fr1mu53zec9_vu3r1gihoszmkbnka.html]
[fireplaytv.com/wp-content/uploads/elementor/google-fonts/fonts/roboto-kfo7cnqeu92fr1me7ksn66agldtyluama3gubgee.html]
[fireplaytv.com/wp-content/uploads/elementor/google-fonts/fonts/roboto-kfo7cnqeu92fr1me7ksn66agldtyluama3iubgee.html]
[fireplaytv.com/wp-content/uploads/elementor/google-fonts/fonts/roboto-kfo7cnqeu92fr1me7ksn66agldtyluama3cubgee.html]
[fireplaytv.com/wp-content/uploads/elementor/google-fonts/fonts/roboto-kfo7cnqeu92fr1me7ksn66agldtyluama3-ubgee.html]
[fireplaytv.com/wp-content/uploads/elementor/google-fonts/fonts/roboto-kfo7cnqeu92fr1me7ksn66agldtyluamawcubgee.html]
[fireplaytv.com/wp-content/uploads/elementor/google-fonts/fonts/roboto-kfo7cnqeu92fr1me7ksn66agldtyluamaxkubgee.html]
[fireplaytv.com/wp-content/uploads/elementor/google-fonts/fonts/roboto-kfo7cnqeu92fr1me7ksn66agldtyluama3oubgee.html]
[fireplaytv.com/wp-content/uploads/elementor/google-fonts/fonts/roboto-kfo7cnqeu92fr1me7ksn66agldtyluama3kubgee.html]
[fireplaytv.com/wp-content/uploads/elementor/google-fonts/fonts/robotoslab-bngmuxzytxpivibgjjsb6ufa5qw54a.html]
[fireplaytv.com/wp-content/uploads/elementor/google-fonts/fonts/robotoslab-bngmuxzytxpivibgjjsb6ufj5qw54a.html]
[fireplaytv.com/wp-content/uploads/elementor/google-fonts/fonts/robotoslab-bngmuxzytxpivibgjjsb6ufb5qw54a.html]
[fireplaytv.com/wp-content/uploads/elementor/google-fonts/fonts/robotoslab-bngmuxzytxpivibgjjsb6ufo5qw54a.html]
[fireplaytv.com/wp-content/uploads/elementor/google-fonts/fonts/robotoslab-bngmuxzytxpivibgjjsb6ufc5qw54a.html]
[fireplaytv.com/wp-content/uploads/elementor/google-fonts/fonts/robotoslab-bngmuxzytxpivibgjjsb6ufd5qw54a.html]
[fireplaytv.com/wp-content/uploads/elementor/google-fonts/fonts/robotoslab-bngmuxzytxpivibgjjsb6ufn5qu.html]
[fireplaytv.com/wp-content/uploads/elementor/google-fonts/fonts/instrumentsans-pxitypc9vsfdm051uf6kvwgkfosbsnnpoozan0linhgpcwnu2zgru3k.html]
[fireplaytv.com/wp-content/uploads/elementor/google-fonts/fonts/instrumentsans-pxitypc9vsfdm051uf6kvwgkfosbsnnpoozan0linhgpcwnu15gr.html]
[fireplaytv.com/wp-content/uploads/elementor/google-fonts/fonts/instrumentsans-pxitypc9vsfdm051uf6kvwgkfosxq0gsqv8toedpibnr0she1ymv.html]
[fireplaytv.com/wp-content/uploads/elementor/google-fonts/fonts/instrumentsans-pxitypc9vsfdm051uf6kvwgkfosxq0gsqv8toedpibnr0sze1q.html]
[fireplaytv.com/signals/config/index.html]
[fireplaytv.com/a.html]
[fireplaytv.com/signals/plugins/index.html]
[fireplaytv.com/POST.html]
[fireplaytv.com/schema.org/index.html]
[fireplaytv.com/b.html]
[fireplaytv.com/d.html]
[fireplaytv.com/signals/iwl.html]
[fireplaytv.com/signals/iwl0fc5.html]
[fireplaytv.com/c.html]
[fireplaytv.com/c-2.html]
